// Jest Snapshot v1, https://goo.gl/fbAQLP

exports[`Helpers Test Suite sqlite3 operations exportDBEntitiesAsJson works 1`] = `
{
  "7001": {
    "categories": [
      {
        "attributes": [
          {
            "attrVals": "",
            "dataType": 20,
            "dataTypeContext": "",
            "description": "",
            "displayName": "Image",
            "displayPrecision": 0,
            "entityName": undefined,
            "flags": 0,
            "name": "Image",
          },
          {
            "attrVals": "",
            "dataType": 20,
            "dataTypeContext": "",
            "description": "",
            "displayName": "Comments",
            "displayPrecision": 0,
            "entityName": undefined,
            "flags": 0,
            "name": "Comments",
          },
          {
            "attrVals": "",
            "dataType": 20,
            "dataTypeContext": "",
            "description": "",
            "displayName": "Mark",
            "displayPrecision": 0,
            "entityName": undefined,
            "flags": 0,
            "name": "Mark",
          },
          {
            "attrVals": "400x500-fence",
            "dataType": 20,
            "dataTypeContext": "",
            "description": "",
            "displayName": "Type Name",
            "displayPrecision": 0,
            "entityName": undefined,
            "flags": 8,
            "name": "Type Name",
          },
        ],
        "name": "Identity Data",
      },
      {
        "attributes": [
          {
            "attrVals": "Ground Floor",
            "dataType": 20,
            "dataTypeContext": "",
            "description": "",
            "displayName": "Base Level",
            "displayPrecision": 0,
            "entityName": undefined,
            "flags": 0,
            "name": "Base Level",
          },
          {
            "attrVals": "-700.0",
            "dataType": 3,
            "dataTypeContext": "mm",
            "description": "",
            "displayName": "Base Offset",
            "displayPrecision": 0,
            "entityName": undefined,
            "flags": 0,
            "name": "Base Offset",
          },
          {
            "attrVals": "B(225)-1(-14767)",
            "dataType": 20,
            "dataTypeContext": "",
            "description": "",
            "displayName": "Column Location Mark",
            "displayPrecision": 0,
            "entityName": undefined,
            "flags": 8,
            "name": "Column Location Mark",
          },
          {
            "attrVals": "Ground Floor",
            "dataType": 20,
            "dataTypeContext": "",
            "description": "",
            "displayName": "Top Level",
            "displayPrecision": 0,
            "entityName": undefined,
            "flags": 0,
            "name": "Top Level",
          },
          {
            "attrVals": "3000",
            "dataType": 3,
            "dataTypeContext": "mm",
            "description": "",
            "displayName": "Top Offset",
            "displayPrecision": 0,
            "entityName": undefined,
            "flags": 0,
            "name": "Top Offset",
          },
          {
            "attrVals": "Vertical",
            "dataType": 20,
            "dataTypeContext": "",
            "description": "",
            "displayName": "Column Style",
            "displayPrecision": 0,
            "entityName": undefined,
            "flags": 0,
            "name": "Column Style",
          },
          {
            "attrVals": "1",
            "dataType": 1,
            "dataTypeContext": "",
            "description": "",
            "displayName": "Moves With Grids",
            "displayPrecision": 0,
            "entityName": undefined,
            "flags": 0,
            "name": "Moves With Grids",
          },
          {
            "attrVals": "1",
            "dataType": 1,
            "dataTypeContext": "",
            "description": "",
            "displayName": "Room Bounding",
            "displayPrecision": 0,
            "entityName": undefined,
            "flags": 0,
            "name": "Room Bounding",
          },
        ],
        "name": "Constraints",
      },
      {
        "attributes": [
          {
            "attrVals": "1",
            "dataType": 1,
            "dataTypeContext": "",
            "description": "",
            "displayName": "Enable Analytical Model",
            "displayPrecision": 0,
            "entityName": undefined,
            "flags": 0,
            "name": "Enable Analytical Model",
          },
          {
            "attrVals": "Rebar Cover 1 <25 mm>",
            "dataType": 20,
            "dataTypeContext": "",
            "description": "",
            "displayName": "Rebar Cover - Top Face",
            "displayPrecision": 0,
            "entityName": undefined,
            "flags": 0,
            "name": "Rebar Cover - Top Face",
          },
          {
            "attrVals": "Rebar Cover 1 <25 mm>",
            "dataType": 20,
            "dataTypeContext": "",
            "description": "",
            "displayName": "Rebar Cover - Bottom Face",
            "displayPrecision": 0,
            "entityName": undefined,
            "flags": 0,
            "name": "Rebar Cover - Bottom Face",
          },
          {
            "attrVals": "Rebar Cover 1 <25 mm>",
            "dataType": 20,
            "dataTypeContext": "",
            "description": "",
            "displayName": "Rebar Cover - Other Faces",
            "displayPrecision": 0,
            "entityName": undefined,
            "flags": 0,
            "name": "Rebar Cover - Other Faces",
          },
        ],
        "name": "Structural",
      },
      {
        "attributes": [
          {
            "attrVals": "0.74",
            "dataType": 3,
            "dataTypeContext": "m^3",
            "description": "",
            "displayName": "Volume",
            "displayPrecision": 0,
            "entityName": undefined,
            "flags": 8,
            "name": "Volume",
          },
        ],
        "name": "Dimensions",
      },
      {
        "attributes": [
          {
            "attrVals": "New Construction",
            "dataType": 20,
            "dataTypeContext": "",
            "description": "",
            "displayName": "Phase Created",
            "displayPrecision": 0,
            "entityName": undefined,
            "flags": 0,
            "name": "Phase Created",
          },
          {
            "attrVals": "None",
            "dataType": 20,
            "dataTypeContext": "",
            "description": "",
            "displayName": "Phase Demolished",
            "displayPrecision": 0,
            "entityName": undefined,
            "flags": 0,
            "name": "Phase Demolished",
          },
        ],
        "name": "Phasing",
      },
      {
        "attributes": [
          {
            "attrVals": "",
            "dataType": 20,
            "dataTypeContext": "",
            "description": "",
            "displayName": "Room Name",
            "displayPrecision": 0,
            "entityName": undefined,
            "flags": 9,
            "name": "Room Name",
          },
          {
            "attrVals": "",
            "dataType": 20,
            "dataTypeContext": "",
            "description": "",
            "displayName": "Room Number",
            "displayPrecision": 0,
            "entityName": undefined,
            "flags": 9,
            "name": "Room Number",
          },
        ],
        "name": "Other",
      },
    ],
    "id": 7001,
    "name": "Rectangular-Column [286350]",
  },
}
`;
